#-----------------------------------------------------------
# Webtalk v2020.2 (64-bit)
# SW Build 3064766 on Wed Nov 18 09:12:45 MST 2020
# IP Build 3064653 on Wed Nov 18 14:17:31 MST 2020
# Start of session at: Sun Jul 14 09:40:08 2024
# Process ID: 139124
# Current directory: C:/Users/squid/OneDrive/Documents/Vivado/2024/OLEDPmod/OLEDPmod.sim/sim_1/synth/func/xsim
# Command line: wbtcv.exe -mode batch -source C:/Users/squid/OneDrive/Documents/Vivado/2024/OLEDPmod/OLEDPmod.sim/sim_1/synth/func/xsim/xsim.dir/Top_tb_func_synth/webtalk/xsim_webtalk.tcl -notrace
# Log file: C:/Users/squid/OneDrive/Documents/Vivado/2024/OLEDPmod/OLEDPmod.sim/sim_1/synth/func/xsim/webtalk.log
# Journal file: C:/Users/squid/OneDrive/Documents/Vivado/2024/OLEDPmod/OLEDPmod.sim/sim_1/synth/func/xsim\webtalk.jou
#-----------------------------------------------------------
source C:/Users/squid/OneDrive/Documents/Vivado/2024/OLEDPmod/OLEDPmod.sim/sim_1/synth/func/xsim/xsim.dir/Top_tb_func_synth/webtalk/xsim_webtalk.tcl -notrace
